
> keyabyss@0.4.0 test
> node tools/test.mjs

✔ seeded random numbers are deterministic and in range (1.2662ms)
✔ normalizes Qwerty, strings and CSV rows without altering keyword underscores (0.3489ms)
✔ TXT supports comments, BOM, CRLF and duplicates (0.3961ms)
✔ CSV supports reordered columns, quotes, commas and multiline meanings (0.9223ms)
✔ TSV and Chinese headers are understood (0.1697ms)
✔ JSON object, Qwerty and JSONL imports (0.243ms)
✔ rejects malformed, empty, oversized, unsupported and all-invalid dictionaries (0.7311ms)
✔ word pool prefers distinct initials whenever possible (0.5462ms)
✔ a one-word dictionary remains usable and never falls back to built-in words (0.7062ms)
✔ length filtering keeps short tokens in later chapters (0.4136ms)
✔ all 12 source-attributed snapshots normalize without duplicates or invalid entries (65.1254ms)
✔ C++ snapshot contains normative underscore tokens, but not context-only module/import entries (0.2864ms)
✔ CMU dictionary is mechanically filtered, large, and export/reimport compatible (206.2493ms)
✔ relic IDs are unique; all have finite stack limits (0.2768ms)
✔ UI word completion executes exactly once and needs no Enter (1.2474ms)
✔ case is normalized without adding punctuation or modifier characters (0.2444ms)
✔ wrong character preserves prefix and never falls through into another action (0.2139ms)
✔ Backspace is one character, Escape-equivalent clear discards whole UI prefix (0.1669ms)
✔ same initial can branch normally, but duplicate and prefix aliases are rejected (1.41ms)
✔ disabled words produce an explicit disabled result, never an executable action (0.1485ms)
✔ changing context drops partial input instead of carrying it to the next screen (0.1382ms)
✔ updating same context may preserve only a still-valid prefix (0.1316ms)
✔ fixed-width imported-library identifiers never create prefix ambiguities (0.2891ms)
✔ all 49 relics plus fallback and page actions are a valid prefix-free vocabulary (0.3687ms)
✔ reverse target navigation chooses last target when unlocked, preserving typed prefix (7.0016ms)
✔ UI command parsing has no route to combat counters or selected gameplay dictionary (3.4968ms)
✔ every one of the 17 enemy/pillar types, split children, boss and node has a current-library word (12.3794ms)
✔ typing frost launches a real projectile; damage is delayed until physical contact (11.0253ms)
✔ wrong keys preserve progress, shared-prefix alternatives resolve without an artificial error (2.5156ms)
✔ Tab cycles matching prefixes without erasing input (2.0915ms)
✔ directed dash travels over time, retains text and consumes exactly one charge (5.5148ms)
✔ perfect dodge is risk-triggered, not awarded on every safe dash (4.5495ms)
✔ mass distinguishes impact response; velocity decays instead of teleporting (3.1612ms)
✔ knocked enemy collides with arena wall, takes impact damage and rebounds (4.0406ms)
✔ body collision transmits momentum from a knocked enemy to another (2.7819ms)
✔ fast projectile collision uses swept segments instead of endpoint-only hit tests (2.8596ms)
✔ frost freezes and leaves a slow field while storm is instant multi-target damage (7.778ms)
✔ storm conductive marks overload on the third hit and stormcell clears nearby bullets (1.9877ms)
✔ paper summons require typing; paper agents actually dive and then expire (29.4538ms)
✔ all three ultimates are distinct and require resource; resource cannot self-recharge during ultimate (7.2858ms)
✔ green rune clears bullets and pending telegraphs, not an already active laser (3.4036ms)
✔ telegraphs owned by a slain mortar are cancelled before explosion (2.9021ms)
✔ new enemies implement healer, finite brood, charger and mirror behavior (3.5822ms)
✔ pause freezes simulation, dash travel, enemies, charge and ultimates (2.9798ms)
✔ input target is not rewritten by splash or paper effects; partial target death awards shield (2.982ms)
✔ rescue prevents one fatal hit and only one (3.5378ms)
✔ feather completion is reserved for the next eligible long word, without recursively charging itself (4.1729ms)
✔ new generic relics implement damage risk, DOT, shield, execute and perfect-wave clear (4.6019ms)
✔ awakenings require the right school and both prerequisites; rerolls never offer maxed relics (3.2539ms)
✔ all fully stacked relics have a non-blocking repeatable fallback reward (2.4364ms)
✔ boss towers have words, reduce incoming damage, and phase transition does not duplicate towers (3.952ms)
✔ all nine rooms route to victory, and continuation retains build while raising difficulty (11.7966ms)
✔ a single long C++ token works in every school, including the underscore (17.3255ms)
✔ all five modes have increasing speed, damage, spawn pressure; every chapter and loop grows (1.2897ms)
✔ visual intensity does not perturb game random sequence or subsequent enemy words (7.9181ms)
✔ Boss phase protection prevents one-hit phase skips and then expires (3.9767ms)
✔ environmental words do not consume the next empowered attack cadence (2.5953ms)
✔ next-loop bosses scale beyond the preceding final boss and elite contract is honored (2.724ms)
✔ opening has a readable grace period, smaller cap, and no first-wave elites (20.6116ms)
✔ a wave never overfills its quota and later waves wait for clear plus a real respite (13.9421ms)
✔ all reinforcements across three waves remain mandatory before routing (19.0367ms)
✔ chapter HP growth is gentler than exponential and remains ordered across modes and loops (0.6558ms)
✔ lethal frost and paper casts never refresh the word before or after impact (24.5033ms)
✔ surviving targets regain a word on contact or projectile expiry, never stay locked (10.0615ms)
✔ dead original targets do not refresh when their spell retargets (2.4708ms)
✔ word-length relics are excluded from every offer and direct selection when unusable (15.8914ms)
✔ blood contract pays immediately and once per new page, bypasses shield, cannot kill (4.8172ms)
✔ blood contract increases actual spell damage by 40 percent in every book (16.593ms)
✔ trial routes preserve opening counts and quotas across every mode and Boss page (46.1406ms)
✔ trial risk and reward scale with difficulty while a higher mode remains the larger challenge (26.9114ms)
✔ hourglass slows the world by 90 percent while WASD moves precisely and preserves typing (7.4427ms)
✔ precision motion normalizes diagonals, clamps walls and freezes across pause and upgrades (3.2348ms)
✔ dash does not consume charges into a wall, or reward dead and receding threats (2.7093ms)
✔ automatic dodge avoids a fast bullet crossing the otherwise preferred landing point (2.6125ms)
ℹ tests 74
ℹ suites 0
ℹ pass 74
ℹ fail 0
ℹ cancelled 0
ℹ skipped 0
ℹ todo 0
ℹ duration_ms 427.0596
