
> keyabyss@0.6.0 test
> node tools/test.mjs

✔ seeded random numbers are deterministic and in range (1.1453ms)
✔ normalizes Qwerty, strings and CSV rows without altering keyword underscores (0.4227ms)
✔ TXT supports comments, BOM, CRLF and duplicates (0.3782ms)
✔ CSV supports reordered columns, quotes, commas and multiline meanings (0.9641ms)
✔ TSV and Chinese headers are understood (0.1788ms)
✔ JSON object, Qwerty and JSONL imports (0.2648ms)
✔ rejects malformed, empty, oversized, unsupported and all-invalid dictionaries (0.6689ms)
✔ word pool prefers distinct initials whenever possible (0.4677ms)
✔ a one-word dictionary remains usable and never falls back to built-in words (0.7ms)
✔ length filtering keeps short tokens in later chapters (0.6763ms)
✔ all 12 source-attributed snapshots normalize without duplicates or invalid entries (64.7183ms)
✔ C++ snapshot contains normative underscore tokens, but not context-only module/import entries (0.2823ms)
✔ CMU dictionary is mechanically filtered, large, and export/reimport compatible (215.6185ms)
✔ relic IDs are unique; all have finite stack limits (0.2749ms)
✔ UI word completion executes exactly once and needs no Enter (1.783ms)
✔ case is normalized without adding punctuation or modifier characters (0.2977ms)
✔ wrong character preserves prefix and never falls through into another action (0.1976ms)
✔ Backspace is one character, Escape-equivalent clear discards whole UI prefix (0.1965ms)
✔ same initial can branch normally, but duplicate and prefix aliases are rejected (1.5798ms)
✔ disabled words produce an explicit disabled result, never an executable action (0.1443ms)
✔ changing context drops partial input instead of carrying it to the next screen (0.1658ms)
✔ updating same context may preserve only a still-valid prefix (0.1656ms)
✔ fixed-width imported-library identifiers never create prefix ambiguities (0.346ms)
✔ all 49 relics plus fallback and page actions are a valid prefix-free vocabulary (0.7979ms)
✔ reverse target navigation chooses last target when unlocked, preserving typed prefix (10.1083ms)
✔ UI command parsing has no route to combat counters or selected gameplay dictionary (3.5078ms)
✔ every one of the 17 enemy/pillar types, split children, boss and node has a current-library word (12.8197ms)
✔ typing frost launches a real projectile; damage is delayed until physical contact (8.1077ms)
✔ wrong keys preserve progress, shared-prefix alternatives resolve without an artificial error (2.1927ms)
✔ Tab cycles matching prefixes without erasing input (2.1754ms)
✔ directed dash travels over time, retains text and consumes exactly one charge (5.6646ms)
✔ perfect dodge is risk-triggered, not awarded on every safe dash (4.3039ms)
✔ mass distinguishes impact response; velocity decays instead of teleporting (2.8068ms)
✔ knocked enemy collides with arena wall, takes impact damage and rebounds (5.393ms)
✔ body collision transmits momentum from a knocked enemy to another (2.4016ms)
✔ fast projectile collision uses swept segments instead of endpoint-only hit tests (2.7272ms)
✔ frost freezes and leaves a slow field while storm is instant multi-target damage (7.6191ms)
✔ storm conductive marks overload on the third hit and stormcell clears nearby bullets (3.4774ms)
✔ paper summons require typing; paper agents actually dive and then expire (26.4548ms)
✔ all three ultimates are distinct and require resource; resource cannot self-recharge during ultimate (8.4512ms)
✔ green rune clears bullets and pending telegraphs, not an already active laser (2.388ms)
✔ telegraphs owned by a slain mortar are cancelled before explosion (2.4085ms)
✔ new enemies implement healer, finite brood, charger and mirror behavior (3.035ms)
✔ pause freezes simulation, dash travel, enemies, charge and ultimates (3.1648ms)
✔ input target is not rewritten by splash or paper effects; partial target death awards shield (3.3665ms)
✔ rescue prevents one fatal hit and only one (2.7447ms)
✔ feather completion is reserved for the next eligible long word, without recursively charging itself (2.7541ms)
✔ new generic relics implement damage risk, DOT, shield, execute and perfect-wave clear (3.9395ms)
✔ awakenings require the right school and both prerequisites; rerolls never offer maxed relics (2.7543ms)
✔ all fully stacked relics have a non-blocking repeatable fallback reward (3.0809ms)
✔ boss towers have words, reduce incoming damage, and phase transition does not duplicate towers (3.8952ms)
✔ all nine rooms route to victory, and continuation retains build while raising difficulty (11.8073ms)
✔ a single long C++ token works in every school, including the underscore (16.3602ms)
✔ all five modes have increasing speed, damage, spawn pressure; every chapter and loop grows (1.5928ms)
✔ visual intensity does not perturb game random sequence or subsequent enemy words (9.5035ms)
✔ Boss phase protection prevents one-hit phase skips and then expires (3.9001ms)
✔ environmental words do not consume the next empowered attack cadence (4.2031ms)
✔ next-loop bosses scale beyond the preceding final boss and elite contract is honored (2.2775ms)
✔ opening has a readable grace period, smaller cap, and no first-wave elites (17.9427ms)
✔ a wave never overfills its quota and later waves wait for clear plus a real respite (10.5749ms)
✔ all reinforcements across three waves remain mandatory before routing (19.7302ms)
✔ chapter HP growth is gentler than exponential and remains ordered across modes and loops (0.5175ms)
✔ lethal frost and paper casts never refresh the word before or after impact (29.0595ms)
✔ surviving targets regain a word on contact or projectile expiry, never stay locked (10.321ms)
✔ dead original targets do not refresh when their spell retargets (3.8344ms)
✔ word-length relics are excluded from every offer and direct selection when unusable (14.077ms)
✔ blood contract pays immediately and once per new page, bypasses shield, cannot kill (5.0771ms)
✔ blood contract increases actual spell damage by 40 percent in every book (14.5756ms)
✔ trial routes preserve opening counts and quotas across every mode and Boss page (50.2934ms)
✔ trial risk and reward scale with difficulty while a higher mode remains the larger challenge (33.1581ms)
✔ hourglass slows the world by 90 percent while WASD moves precisely and preserves typing (7.4638ms)
✔ precision motion normalizes diagonals, clamps walls and freezes across pause and upgrades (2.913ms)
✔ dash does not consume charges into a wall, or reward dead and receding threats (3.4456ms)
✔ automatic dodge avoids a fast bullet crossing the otherwise preferred landing point (3.1143ms)
ℹ tests 74
ℹ suites 0
ℹ pass 74
ℹ fail 0
ℹ cancelled 0
ℹ skipped 0
ℹ todo 0
ℹ duration_ms 438.0584
